// Jest Snapshot v1, https://goo.gl/fbAQLP

exports[`number test button is div 1`] = `
<div>
  按钮
</div>
`;
